radek
Dodane
Dośdane
